// Vitest Snapshot v1, https://vitest.dev/guide/snapshot.html

exports[`Render About Data > Should match snapshot 1`] = `
<div>
  <div
    class="fullWidth"
  >
    <h1
      class="title"
    >
      First Name
      <span
        class="textPrimary"
      >
        Last Name
      </span>
    </h1>
    <div
      class="subheading"
    >
      123 Fake street
    </div>
    <p
      class="fs_1.15rem fw_400 mb_headingMargin"
    >
      Blah
    </p>
    <div>
      <a
        aria-label="GitHub"
        class="socialIcon"
        data-ownedby="_r_0_"
        data-part="trigger"
        data-scope="tooltip"
        data-state="closed"
        dir="ltr"
        href="https://github.com/testusername"
        id="tooltip:_r_0_:trigger"
        rel="noreferrer"
        target="_blank"
      >
        <i
          class="devicon-github-original"
          data-testid="social-icon-github-original"
        />
      </a>
    </div>
  </div>
</div>
`;
