// Vitest Snapshot v1, https://vitest.dev/guide/snapshot.html

exports[`Render About Data > Should match snapshot 1`] = `
<div>
  <div
    class="fullWidth"
  >
    <h1
      class="title"
    >
      First Name
      <span
        class="textPrimary"
      >
        Last Name
      </span>
    </h1>
    <div
      class="subheading"
    >
      123 Fake street
    </div>
    <p
      class="mb_headingMargin fs_1.15rem fw_400"
    >
      Blah
    </p>
    <div
      class="socialIcons"
    >
      <a
        aria-label="github-original URL"
        href="https://github.com/testusername"
        rel="noreferrer"
        target="_blank"
      >
        <i
          class="devicon-github-original"
          data-testid="social-icon-github-original"
        />
      </a>
    </div>
  </div>
</div>
`;
