// Vitest Snapshot v1, https://vitest.dev/guide/snapshot.html

exports[`Education section render > Should match snapshot 1`] = `
<div>
  <div
    class="fullWidth"
  >
    <h2
      class="heading"
    >
      Education
    </h2>
    <div
      class="entryContainer entryContainer--responsive_row"
    >
      <div>
        <h3
          class="title"
        >
          Bruh University
        </h3>
        <div
          class="subheading"
        >
          Bachelor of Bruh
        </div>
        <div>
          blah blah
        </div>
      </div>
      <div
        class="dateDisplay dateDisplay--alignment_right"
      >
        <span
          class="textPrimary"
        >
          Oct 2022 - Oct 2023
        </span>
      </div>
    </div>
  </div>
</div>
`;
