// Vitest Snapshot v1, https://vitest.dev/guide/snapshot.html

exports[`Project section rendering > Should match snapshot 1`] = `
<div>
  <div
    class="fullWidth"
  >
    <h2
      class="heading"
    >
      Projects
    </h2>
    <ul
      class="li-s_none mb_0 ml_2.5em pl_0"
    >
      <li
        class="mb_0.5rem pos_relative [&::before]:c_warning [&::before]:content_"✓" [&::before]:fs_1.2em [&::before]:fw_bold [&::before]:left_-2em [&::before]:pos_absolute [&::before]:ta_center [&::before]:top_0.14em [&::before]:w_2em"
      >
        <p>
          <strong>
            Test Project 1:
          </strong>
           Test Description 1
        </p>
      </li>
      <li
        class="mb_0.5rem pos_relative [&::before]:c_warning [&::before]:content_"✓" [&::before]:fs_1.2em [&::before]:fw_bold [&::before]:left_-2em [&::before]:pos_absolute [&::before]:ta_center [&::before]:top_0.14em [&::before]:w_2em"
      >
        <p>
          <a
            aria-label="Project Test Project 2 URL"
            class="link"
            href="https://testproject2.com"
            rel="noreferrer"
            target="_blank"
          >
            <strong>
              Test Project 2:
            </strong>
          </a>
           Test Description 2
        </p>
      </li>
    </ul>
  </div>
</div>
`;
