// Vitest Snapshot v1, https://vitest.dev/guide/snapshot.html

exports[`Skill Section Component > Should render without crashing and match snapshot 1`] = `
<div>
  <div
    class="fullWidth"
  >
    <h2
      class="heading"
    >
      Skills and Proficiency
    </h2>
    <div
      class="subheading"
    >
      test title
    </div>
    <ul>
      <li>
        test desc
      </li>
    </ul>
    <ul
      class="inlineList inlineList--gap_large devIcons"
    >
      <li
        class="d_inline-block"
      >
        <button
          aria-label="github-original"
          class="cursor_auto d_inline-block lh_1 [&_>_span]:d_block focusVisible:ring_2px_solid_currentColor focusVisible:ring-o_2px"
          data-testid="language-icon-github-original"
          type="button"
        >
          <span
            aria-hidden="true"
            class="devicon-github-original"
            data-testid="language-icon-glyph-github-original"
          />
        </button>
      </li>
    </ul>
  </div>
</div>
`;
