// Vitest Snapshot v1, https://vitest.dev/guide/snapshot.html

exports[`Sidebar > renders without crashing and matches snapshot 1`] = `
<div>
  <nav
    class="sidebar__navigation"
    data-part="root"
    data-scope="collapsible"
    data-state="closed"
    dir="ltr"
    id="collapsible:_r_0_"
  >
    <a
      class="sidebar__brand"
      href="#page-top"
    >
      <span
        class="sidebar__nameText"
      >
        First Name Last Name
      </span>
      <span
        class="sidebar__avatarContainer"
      >
        <picture>
          <source
            srcset="/src/img/avatar.webp"
            type="image/webp"
          />
          <source
            srcset="/src/img/avatar.jpg"
            type="image/jpeg"
          />
          <img
            alt="First Name Last Name Avatar"
            class="sidebar__avatar"
            src="/src/img/avatar.jpg"
          />
        </picture>
      </span>
    </a>
    <button
      aria-controls="collapsible:_r_0_:content"
      aria-expanded="false"
      aria-label="Toggle navigation"
      class="sidebar__menuToggle"
      data-part="trigger"
      data-scope="collapsible"
      data-state="closed"
      dir="ltr"
      id="collapsible:_r_0_:trigger"
      type="button"
    >
      <span
        class="sidebar__menuIcon"
      />
    </button>
    <div
      class="sidebar__menu"
      data-collapsible=""
      data-part="content"
      data-scope="collapsible"
      data-state="closed"
      dir="ltr"
      hidden=""
      id="collapsible:_r_0_:content"
      style="--height: 0px; --width: 0px;"
    >
      <div
        aria-labelledby="toc:_r_1_:title"
        class="sidebar__navListWrapper"
        data-part="root"
        data-scope="toc"
        dir="ltr"
        id="toc:_r_1_"
      >
        <span
          class="sidebar__tocTitle"
          data-part="title"
          data-scope="toc"
          dir="ltr"
          id="toc:_r_1_:title"
        >
          Sections
        </span>
        <ul
          class="sidebar__navList"
          data-part="list"
          data-scope="toc"
          dir="ltr"
          id="toc:_r_1_:list"
        >
          <li
            class="sidebar__navItem"
            data-depth="1"
            data-part="item"
            data-scope="toc"
            data-value="about"
            dir="ltr"
            id="toc:_r_1_:item-about"
            style="--depth: 1;"
          >
            <a
              class="sidebar__navLink"
              data-part="link"
              data-scope="toc"
              data-value="about"
              dir="ltr"
              href="#about"
              id="toc:_r_1_:link-about"
            >
              About
            </a>
          </li>
          <li
            class="sidebar__navItem"
            data-depth="1"
            data-part="item"
            data-scope="toc"
            data-value="experience"
            dir="ltr"
            id="toc:_r_1_:item-experience"
            style="--depth: 1;"
          >
            <a
              class="sidebar__navLink"
              data-part="link"
              data-scope="toc"
              data-value="experience"
              dir="ltr"
              href="#experience"
              id="toc:_r_1_:link-experience"
            >
              Experience
            </a>
          </li>
          <li
            class="sidebar__navItem"
            data-depth="1"
            data-part="item"
            data-scope="toc"
            data-value="education"
            dir="ltr"
            id="toc:_r_1_:item-education"
            style="--depth: 1;"
          >
            <a
              class="sidebar__navLink"
              data-part="link"
              data-scope="toc"
              data-value="education"
              dir="ltr"
              href="#education"
              id="toc:_r_1_:link-education"
            >
              Education
            </a>
          </li>
          <li
            class="sidebar__navItem"
            data-depth="1"
            data-part="item"
            data-scope="toc"
            data-value="skills"
            dir="ltr"
            id="toc:_r_1_:item-skills"
            style="--depth: 1;"
          >
            <a
              class="sidebar__navLink"
              data-part="link"
              data-scope="toc"
              data-value="skills"
              dir="ltr"
              href="#skills"
              id="toc:_r_1_:link-skills"
            >
              Skills
            </a>
          </li>
          <li
            class="sidebar__navItem"
            data-depth="1"
            data-part="item"
            data-scope="toc"
            data-value="projects"
            dir="ltr"
            id="toc:_r_1_:item-projects"
            style="--depth: 1;"
          >
            <a
              class="sidebar__navLink"
              data-part="link"
              data-scope="toc"
              data-value="projects"
              dir="ltr"
              href="#projects"
              id="toc:_r_1_:link-projects"
            >
              Projects
            </a>
          </li>
        </ul>
      </div>
    </div>
  </nav>
</div>
`;
