// Vitest Snapshot v1, https://vitest.dev/guide/snapshot.html

exports[`Sidebar > renders without crashing and matches snapshot 1`] = `
<div>
  <nav
    class="sidebar__navigation"
  >
    <a
      class="sidebar__brand"
      href="#page-top"
    >
      <span
        class="sidebar__nameText"
      >
        First Name Last Name
      </span>
      <span
        class="sidebar__avatarContainer"
      >
        <picture>
          <source
            srcset="/src/img/avatar.webp"
            type="image/webp"
          />
          <source
            srcset="/src/img/avatar.jpg"
            type="image/jpeg"
          />
          <img
            alt="First Name Last Name Avatar"
            class="sidebar__avatar"
            src="/src/img/avatar.jpg"
          />
        </picture>
      </span>
    </a>
    <button
      aria-controls="_r_0_"
      aria-expanded="false"
      aria-label="Toggle navigation"
      class="sidebar__menuToggle"
      data-collapsed="true"
      data-target="#_r_0_"
      data-toggle="collapse"
      type="button"
    >
      <span
        class="sidebar__menuIcon"
      />
    </button>
    <div
      class="sidebar__menu"
      data-visible="false"
      id="_r_0_"
    >
      <div
        class="sidebar__navListWrapper"
      >
        <ul
          class="sidebar__navList"
        >
          <li
            class="sidebar__navItem"
          >
            <a
              class="sidebar__navLink"
              href="#about"
            >
              About
            </a>
          </li>
          <li
            class="sidebar__navItem"
          >
            <a
              class="sidebar__navLink"
              href="#experience"
            >
              Experience
            </a>
          </li>
          <li
            class="sidebar__navItem"
          >
            <a
              class="sidebar__navLink"
              href="#education"
            >
              Education
            </a>
          </li>
          <li
            class="sidebar__navItem"
          >
            <a
              class="sidebar__navLink"
              href="#skills"
            >
              Skills
            </a>
          </li>
          <li
            class="sidebar__navItem"
          >
            <a
              class="sidebar__navLink"
              href="#projects"
            >
              Projects
            </a>
          </li>
        </ul>
      </div>
    </div>
  </nav>
</div>
`;
