// Vitest Snapshot v1, https://vitest.dev/guide/snapshot.html

exports[`Social Icon > Should render without crashing and match snapshot 1`] = `
<div>
  <a
    aria-label="GitHub"
    class="socialIcon"
    data-ownedby="_r_0_"
    data-part="trigger"
    data-scope="tooltip"
    data-state="closed"
    dir="ltr"
    href="https://github.com/testusername"
    id="tooltip:_r_0_:trigger"
    rel="noreferrer"
    target="_blank"
  >
    <i
      class="devicon-github-plain"
      data-testid="social-icon-github-plain"
    />
  </a>
</div>
`;
