// Vitest Snapshot v1, https://vitest.dev/guide/snapshot.html

exports[`Social Icon > Should render without crashing and match snapshot 1`] = `
<div>
  <a
    aria-label="github-plain URL"
    href="https://github.com/samhwang"
    rel="noreferrer"
    target="_blank"
  >
    <i
      class="devicon-github-plain"
      data-testid="social-icon-github-plain"
    />
  </a>
</div>
`;
