// Vitest Snapshot v1, https://vitest.dev/guide/snapshot.html

exports[`Education section render > Should match snapshot 1`] = `
<div>
  <div
    class="w_100%"
  >
    <h2
      class="mb_headingMargin"
    >
      Education
    </h2>
    <div
      class="entryContainer entryContainer--responsive_row"
    >
      <div>
        <h3
          class="mb_0"
        >
          Bruh University
        </h3>
        <div
          class="mb_subheadingMargin tt_uppercase fw_500 fs_1.5rem ff_heading"
        >
          Bachelor of Bruh
        </div>
        <div>
          blah blah
        </div>
      </div>
      <div
        class="dateDisplay dateDisplay--alignment_right"
      >
        <span
          class="c_primary"
        >
          Oct 2022 - Oct 2023
        </span>
      </div>
    </div>
  </div>
</div>
`;
