// Vitest Snapshot v1, https://vitest.dev/guide/snapshot.html

exports[`Experience Component > Should render without crashing and match snapshot 1`] = `
<div>
  <div
    class="w_100%"
  >
    <h2
      class="mb_headingMargin"
    >
      Experience
    </h2>
    <div
      class="entryContainer entryContainer--responsive_row"
    >
      <div>
        <h3
          class="mb_0"
        >
          Software Engineer
        </h3>
        <div
          class="mb_subheadingMargin tt_uppercase fw_500 fs_1.5rem ff_heading"
        >
          Bruh Industries
        </div>
        <ul>
          <li>
            blah
          </li>
        </ul>
        <ul
          class="inlineList inlineList--gap_large fs_3rem [&_li]:d_flex [&_li]:ai_center [&_li]:jc_center"
        >
          <li
            class="d_inline-block"
          >
            <i
              class="devicon-github-original"
              data-testid="language-icon-github-original"
              role="img"
            />
          </li>
        </ul>
      </div>
      <div
        class="dateDisplay dateDisplay--alignment_right"
      >
        <span
          class="c_primary"
        >
          Oct 2022 - Oct 2023
        </span>
      </div>
    </div>
  </div>
</div>
`;
