// Vitest Snapshot v1, https://vitest.dev/guide/snapshot.html

exports[`Experience Component > Should render without crashing and match snapshot 1`] = `
<div>
  <div
    class="fullWidth"
  >
    <h2
      class="heading"
    >
      Experience
    </h2>
    <div
      class="entryContainer entryContainer--responsive_row"
    >
      <div>
        <h3
          class="title"
        >
          Software Engineer
        </h3>
        <div
          class="subheading"
        >
          Bruh Industries
        </div>
        <ul>
          <li>
            blah
          </li>
        </ul>
        <ul
          class="inlineList inlineList--gap_large devIcons"
        >
          <li
            class="d_inline-block"
          >
            <span
              aria-label="github-original"
              class="devicon-github-original"
              data-testid="language-icon-github-original"
              role="button"
              tabindex="0"
            />
          </li>
        </ul>
      </div>
      <div
        class="dateDisplay dateDisplay--alignment_right"
      >
        <span
          class="textPrimary"
        >
          Oct 2022 - Oct 2023
        </span>
      </div>
    </div>
  </div>
</div>
`;
