// Vitest Snapshot v1, https://vitest.dev/guide/snapshot.html

exports[`Layout rendering > Should match snapshot 1`] = `
{
  "asFragment": [Function],
  "baseElement": <body>
    <div>
      <div>
        <nav
          class="pos_relative d_flex flex-wrap_wrap ai_center jc_space-between py_0.5rem px_1rem lg:flex-flow_row_nowrap lg:jc_flex-start [&_.navbar-brand]:c_white! [&_.navbar-nav_.nav-link]:c_white! [&_.navbar-nav_.nav-link:hover]:c_rgba(255,_255,_255,_0.75)! [&_.navbar-nav_.nav-link.active]:c_white! [&_.navbar-toggler]:c_rgba(255,_255,_255,_0.55) [&_.navbar-toggler]:bd-c_rgba(255,_255,_255,_0.1) [&_span]:c_white! [&_a]:c_white! [&_ul]:c_white! [&_li]:c_white! pos_fixed top_0 right_0 left_0 z_1030 lg:ta_center lg:pos_fixed lg:top_0 lg:left_0 lg:d_flex lg:flex-d_column lg:w_sidebarWidth lg:h_100vh bg-c_primary"
        >
          <a
            class="py_0.3125rem mr_1rem fs_1.25rem td_none white-space_nowrap c_white! lg:d_flex lg:m_auto_auto_0 lg:p_0.5rem"
            href="#page-top"
          >
            <span
              class="d_block lg:d_none"
            >
              First Name Last Name
            </span>
            <span
              class="d_none lg:d_block"
            >
              <picture>
                <source
                  srcset="/src/img/avatar.webp"
                  type="image/webp"
                />
                <source
                  srcset="/src/img/avatar.jpg"
                  type="image/jpeg"
                />
                <img
                  alt="First Name Last Name Avatar"
                  class="lg:max-w_10rem lg:max-h_10rem lg:bd_0.5rem_solid_fade-out(white,_0.8) max-w_100% h_auto bdr_50% mx_auto mb_0.5rem"
                  src="/src/img/avatar.jpg"
                />
              </picture>
            </span>
          </a>
          <button
            aria-controls="navbarSupportedContent"
            aria-expanded="false"
            aria-label="Toggle navigation"
            class="p_0.25rem_0.75rem fs_1.25rem lh_1 bg-c_transparent bd_1px_solid_transparent bdr_0.25rem trs_box-shadow_0.15s_ease-in-out [&:hover]:td_none [&:focus]:td_none [&:focus]:ring_0 [&:focus]:bx-sh_0_0_0_0.25rem focus:ring-c_blue.500 [&:not(.show)]:d_none"
            data-target="#navbarSupportedContent"
            data-toggle="collapse"
            type="button"
          >
            <span
              class="d_inline-block w_1.5em h_1.5em va_middle bg-i_url("data:image/svg+xml,%3csvg_xmlns='http://www.w3.org/2000/svg'_viewBox='0_0_30_30'%3e%3cpath_stroke='rgba%2833,_37,_41,_0.75%29'_stroke-linecap='round'_stroke-miterlimit='10'_stroke-width='2'_d='M4_7h22M4_15h22M4_23h22'/%3e%3c/svg%3e") bg-r_no-repeat bg-p_center bg-s_100%"
            />
          </button>
          <div
            class="flex-g_1 ai_center d_none [&.show]:d_block lg:d_flex lg:ai_flex-start lg:flex-g_0! lg:w_100% lg:mb_auto"
            id="navbarSupportedContent"
          >
            <div
              class="d_flex flex-d_column pl_0 mb_0 li-s_none lg:flex-d_row lg:flex-d_column! lg:w_100%"
            >
              <ul>
                <li
                  class="lg:d_block"
                >
                  <a
                    class="d_block p_0.5rem_1rem c_white! td_none trs_color_0.15s_ease-in-out,_background-color_0.15s_ease-in-out,_border-color_0.15s_ease-in-out [&:hover]:c_rgba(255,_255,_255,_0.75)! [&:focus]:c_rgba(255,_255,_255,_0.75)! fw_800! ls_0.05rem tt_uppercase c_white! lg:d_block [&:hover]:c_rgba(255,_255,_255,_0.75)!"
                    href="#about"
                  >
                    About
                  </a>
                </li>
                <li
                  class="lg:d_block"
                >
                  <a
                    class="d_block p_0.5rem_1rem c_white! td_none trs_color_0.15s_ease-in-out,_background-color_0.15s_ease-in-out,_border-color_0.15s_ease-in-out [&:hover]:c_rgba(255,_255,_255,_0.75)! [&:focus]:c_rgba(255,_255,_255,_0.75)! fw_800! ls_0.05rem tt_uppercase c_white! lg:d_block [&:hover]:c_rgba(255,_255,_255,_0.75)!"
                    href="#experience"
                  >
                    Experience
                  </a>
                </li>
                <li
                  class="lg:d_block"
                >
                  <a
                    class="d_block p_0.5rem_1rem c_white! td_none trs_color_0.15s_ease-in-out,_background-color_0.15s_ease-in-out,_border-color_0.15s_ease-in-out [&:hover]:c_rgba(255,_255,_255,_0.75)! [&:focus]:c_rgba(255,_255,_255,_0.75)! fw_800! ls_0.05rem tt_uppercase c_white! lg:d_block [&:hover]:c_rgba(255,_255,_255,_0.75)!"
                    href="#education"
                  >
                    Education
                  </a>
                </li>
                <li
                  class="lg:d_block"
                >
                  <a
                    class="d_block p_0.5rem_1rem c_white! td_none trs_color_0.15s_ease-in-out,_background-color_0.15s_ease-in-out,_border-color_0.15s_ease-in-out [&:hover]:c_rgba(255,_255,_255,_0.75)! [&:focus]:c_rgba(255,_255,_255,_0.75)! fw_800! ls_0.05rem tt_uppercase c_white! lg:d_block [&:hover]:c_rgba(255,_255,_255,_0.75)!"
                    href="#skills"
                  >
                    Skills
                  </a>
                </li>
                <li
                  class="lg:d_block"
                >
                  <a
                    class="d_block p_0.5rem_1rem c_white! td_none trs_color_0.15s_ease-in-out,_background-color_0.15s_ease-in-out,_border-color_0.15s_ease-in-out [&:hover]:c_rgba(255,_255,_255,_0.75)! [&:focus]:c_rgba(255,_255,_255,_0.75)! fw_800! ls_0.05rem tt_uppercase c_white! lg:d_block [&:hover]:c_rgba(255,_255,_255,_0.75)!"
                    href="#projects"
                  >
                    Projects
                  </a>
                </li>
              </ul>
            </div>
          </div>
        </nav>
        <div
          class="w_100% p_0"
        >
          <section
            class="pt_5rem! pb_5rem! pl_2rem max-w_75rem lg:pt_3rem! lg:pb_3rem! lg:pl_3rem md:min-h_100vh p_0.75rem lg:p_3rem d_flex ai_center"
            id="about"
          >
            <div
              class="w_100%"
            >
              <h1
                class="mb_0"
              >
                First Name
                <span
                  class="c_primary"
                >
                  Last Name
                </span>
              </h1>
              <div
                class="mb_3rem tt_uppercase fw_500 fs_1.5rem ff_heading"
              >
                123 Fake street
              </div>
              <p
                class="mb_3rem fs_1.15rem fw_400"
              >
                Blah
              </p>
              <div
                class="[&_>_a]:d_inline-block [&_>_a]:h_3.5rem [&_>_a]:w_3.5rem [&_>_a]:bg-c_gray.700 [&_>_a]:c_white! [&_>_a]:bdr_100% [&_>_a]:ta_center [&_>_a]:fs_1.5rem [&_>_a]:lh_3.5rem [&_>_a]:mr_1rem [&_>_a]:td_none! [&_>_a]:last:mr_0 [&_>_a]:hover:bg-c_primary!"
              >
                <a
                  aria-label="github-original URL"
                  href="https://github.com/testusername"
                  rel="noreferrer"
                  target="_blank"
                >
                  <i
                    class="devicon-github-original"
                    data-testid="social-icon-github-original"
                  />
                </a>
              </div>
            </div>
          </section>
          <hr
            class="m_0"
          />
          <section
            class="pt_5rem! pb_5rem! pl_2rem max-w_75rem lg:pt_3rem! lg:pb_3rem! lg:pl_3rem md:min-h_100vh p_0.75rem lg:p_3rem d_flex ai_center"
            id="experience"
          >
            <div
              class="w_100%"
            >
              <h2
                class="mb_3rem"
              >
                Experience
              </h2>
              <div
                class="d_flex flex-d_column md:flex-d_row jc_space-between mb_3rem"
              >
                <div>
                  <h3
                    class="mb_0"
                  >
                    Software Engineer
                  </h3>
                  <div
                    class="mb_1rem tt_uppercase fw_500 fs_1.5rem ff_heading"
                  >
                    Bruh Industries
                  </div>
                  <ul>
                    <li>
                      blah
                    </li>
                  </ul>
                  <h4>
                    Technologies involved:
                  </h4>
                  <ul>
                    <li>
                      github
                    </li>
                  </ul>
                  <ul
                    class="d_flex flex-wrap_wrap li-s_none p_0 pl_2rem m_0 mt_1rem gap_1.5rem rg_1rem fs_3rem [&_li]:d_flex [&_li]:ai_center [&_li]:jc_center"
                  >
                    <li
                      class="d_inline-block"
                    >
                      <i
                        class="devicon-github-original"
                        data-testid="language-icon-github-original"
                      />
                    </li>
                  </ul>
                </div>
                <div
                  class="md:min-w_8rem md:ta_right"
                >
                  <span
                    class="c_primary"
                  >
                    Oct 2022 - Oct 2023
                  </span>
                </div>
              </div>
            </div>
          </section>
          <hr
            class="m_0"
          />
          <section
            class="pt_5rem! pb_5rem! pl_2rem max-w_75rem lg:pt_3rem! lg:pb_3rem! lg:pl_3rem md:min-h_100vh p_0.75rem lg:p_3rem d_flex ai_center"
            id="education"
          >
            <div
              class="w_100%"
            >
              <h2
                class="mb_3rem"
              >
                Education
              </h2>
              <div
                class="d_flex flex-d_column md:flex-d_row jc_space-between mb_3rem"
              >
                <div>
                  <h3
                    class="mb_0"
                  >
                    Bruh University
                  </h3>
                  <div
                    class="mb_1rem tt_uppercase fw_500 fs_1.5rem ff_heading"
                  >
                    Bachelor of Bruh
                  </div>
                  <div>
                    blah blah
                  </div>
                </div>
                <div
                  class="md:min-w_8rem md:ta_right"
                >
                  <span
                    class="c_primary"
                  >
                    Oct 2022 - Oct 2023
                  </span>
                </div>
              </div>
            </div>
          </section>
          <hr
            class="m_0"
          />
          <section
            class="pt_5rem! pb_5rem! pl_2rem max-w_75rem lg:pt_3rem! lg:pb_3rem! lg:pl_3rem md:min-h_100vh p_0.75rem lg:p_3rem d_flex ai_center"
            id="skills"
          >
            <div
              class="w_100%"
            >
              <h2
                class="mb_3rem"
              >
                Skills and Proficiency
              </h2>
              <div
                class="mb_1rem tt_uppercase fw_500 fs_1.5rem ff_heading"
              >
                test title
              </div>
              <ul>
                <li>
                  test desc
                </li>
              </ul>
              <ul
                class="d_flex flex-wrap_wrap li-s_none p_0 pl_2rem m_0 mt_1rem gap_1.5rem rg_1rem fs_3rem [&_li]:d_flex [&_li]:ai_center [&_li]:jc_center"
              >
                <li
                  class="d_inline-block"
                >
                  <i
                    class="devicon-github-original"
                    data-testid="language-icon-github-original"
                  />
                </li>
              </ul>
            </div>
          </section>
          <hr
            class="m_0"
          />
          <section
            class="pt_5rem! pb_5rem! pl_2rem max-w_75rem lg:pt_3rem! lg:pb_3rem! lg:pl_3rem md:min-h_100vh p_0.75rem lg:p_3rem d_flex ai_center"
            id="projects"
          >
            <div
              class="w_100%"
            >
              <h2
                class="mb_3rem"
              >
                Projects
              </h2>
              <ul
                class="li-s_none ml_2.5em pl_0 [&_li]:pos_relative [&_.fa-li]:pos_absolute [&_.fa-li]:left_-2em [&_.fa-li]:w_2em [&_.fa-li]:top_0.14285714em [&_.fa-li]:ta_center mb_0"
              >
                <li>
                  <i
                    class="fa-li fa fa-tasks text-warning"
                  />
                  <p>
                    <strong>
                      Test Project:
                    </strong>
                     Test Description
                  </p>
                </li>
              </ul>
            </div>
          </section>
          <hr
            class="m_0"
          />
        </div>
        <section
          class="pt_5rem! pb_5rem! pl_2rem max-w_75rem lg:pt_3rem! lg:pb_3rem! lg:pl_3rem md:min-h_100vh p_0.75rem lg:p_3rem d_flex ai_center"
        >
          <p>
            © 
            2022
             
            <a
              class="c_primary! hover:c_slightlyDarker! focus:c_slightlyDarker! active:c_slightlyDarker!"
              href="https://github.com/samhwang"
            >
              Sam Huynh
            </a>
            . Hosted on 
            <a
              class="c_primary! hover:c_slightlyDarker! focus:c_slightlyDarker! active:c_slightlyDarker!"
              href="https://pages.cloudflare.com/"
            >
              Cloudflare Pages
            </a>
            . Built with 
            <a
              class="c_primary! hover:c_slightlyDarker! focus:c_slightlyDarker! active:c_slightlyDarker!"
              href="https://www.vitejs.dev/"
            >
              Vite
            </a>
             and 
            <a
              class="c_primary! hover:c_slightlyDarker! focus:c_slightlyDarker! active:c_slightlyDarker!"
              href="https://reactjs.org/"
            >
              React
            </a>
            .
          </p>
        </section>
      </div>
    </div>
  </body>,
  "container": <div>
    <div>
      <nav
        class="pos_relative d_flex flex-wrap_wrap ai_center jc_space-between py_0.5rem px_1rem lg:flex-flow_row_nowrap lg:jc_flex-start [&_.navbar-brand]:c_white! [&_.navbar-nav_.nav-link]:c_white! [&_.navbar-nav_.nav-link:hover]:c_rgba(255,_255,_255,_0.75)! [&_.navbar-nav_.nav-link.active]:c_white! [&_.navbar-toggler]:c_rgba(255,_255,_255,_0.55) [&_.navbar-toggler]:bd-c_rgba(255,_255,_255,_0.1) [&_span]:c_white! [&_a]:c_white! [&_ul]:c_white! [&_li]:c_white! pos_fixed top_0 right_0 left_0 z_1030 lg:ta_center lg:pos_fixed lg:top_0 lg:left_0 lg:d_flex lg:flex-d_column lg:w_sidebarWidth lg:h_100vh bg-c_primary"
      >
        <a
          class="py_0.3125rem mr_1rem fs_1.25rem td_none white-space_nowrap c_white! lg:d_flex lg:m_auto_auto_0 lg:p_0.5rem"
          href="#page-top"
        >
          <span
            class="d_block lg:d_none"
          >
            First Name Last Name
          </span>
          <span
            class="d_none lg:d_block"
          >
            <picture>
              <source
                srcset="/src/img/avatar.webp"
                type="image/webp"
              />
              <source
                srcset="/src/img/avatar.jpg"
                type="image/jpeg"
              />
              <img
                alt="First Name Last Name Avatar"
                class="lg:max-w_10rem lg:max-h_10rem lg:bd_0.5rem_solid_fade-out(white,_0.8) max-w_100% h_auto bdr_50% mx_auto mb_0.5rem"
                src="/src/img/avatar.jpg"
              />
            </picture>
          </span>
        </a>
        <button
          aria-controls="navbarSupportedContent"
          aria-expanded="false"
          aria-label="Toggle navigation"
          class="p_0.25rem_0.75rem fs_1.25rem lh_1 bg-c_transparent bd_1px_solid_transparent bdr_0.25rem trs_box-shadow_0.15s_ease-in-out [&:hover]:td_none [&:focus]:td_none [&:focus]:ring_0 [&:focus]:bx-sh_0_0_0_0.25rem focus:ring-c_blue.500 [&:not(.show)]:d_none"
          data-target="#navbarSupportedContent"
          data-toggle="collapse"
          type="button"
        >
          <span
            class="d_inline-block w_1.5em h_1.5em va_middle bg-i_url("data:image/svg+xml,%3csvg_xmlns='http://www.w3.org/2000/svg'_viewBox='0_0_30_30'%3e%3cpath_stroke='rgba%2833,_37,_41,_0.75%29'_stroke-linecap='round'_stroke-miterlimit='10'_stroke-width='2'_d='M4_7h22M4_15h22M4_23h22'/%3e%3c/svg%3e") bg-r_no-repeat bg-p_center bg-s_100%"
          />
        </button>
        <div
          class="flex-g_1 ai_center d_none [&.show]:d_block lg:d_flex lg:ai_flex-start lg:flex-g_0! lg:w_100% lg:mb_auto"
          id="navbarSupportedContent"
        >
          <div
            class="d_flex flex-d_column pl_0 mb_0 li-s_none lg:flex-d_row lg:flex-d_column! lg:w_100%"
          >
            <ul>
              <li
                class="lg:d_block"
              >
                <a
                  class="d_block p_0.5rem_1rem c_white! td_none trs_color_0.15s_ease-in-out,_background-color_0.15s_ease-in-out,_border-color_0.15s_ease-in-out [&:hover]:c_rgba(255,_255,_255,_0.75)! [&:focus]:c_rgba(255,_255,_255,_0.75)! fw_800! ls_0.05rem tt_uppercase c_white! lg:d_block [&:hover]:c_rgba(255,_255,_255,_0.75)!"
                  href="#about"
                >
                  About
                </a>
              </li>
              <li
                class="lg:d_block"
              >
                <a
                  class="d_block p_0.5rem_1rem c_white! td_none trs_color_0.15s_ease-in-out,_background-color_0.15s_ease-in-out,_border-color_0.15s_ease-in-out [&:hover]:c_rgba(255,_255,_255,_0.75)! [&:focus]:c_rgba(255,_255,_255,_0.75)! fw_800! ls_0.05rem tt_uppercase c_white! lg:d_block [&:hover]:c_rgba(255,_255,_255,_0.75)!"
                  href="#experience"
                >
                  Experience
                </a>
              </li>
              <li
                class="lg:d_block"
              >
                <a
                  class="d_block p_0.5rem_1rem c_white! td_none trs_color_0.15s_ease-in-out,_background-color_0.15s_ease-in-out,_border-color_0.15s_ease-in-out [&:hover]:c_rgba(255,_255,_255,_0.75)! [&:focus]:c_rgba(255,_255,_255,_0.75)! fw_800! ls_0.05rem tt_uppercase c_white! lg:d_block [&:hover]:c_rgba(255,_255,_255,_0.75)!"
                  href="#education"
                >
                  Education
                </a>
              </li>
              <li
                class="lg:d_block"
              >
                <a
                  class="d_block p_0.5rem_1rem c_white! td_none trs_color_0.15s_ease-in-out,_background-color_0.15s_ease-in-out,_border-color_0.15s_ease-in-out [&:hover]:c_rgba(255,_255,_255,_0.75)! [&:focus]:c_rgba(255,_255,_255,_0.75)! fw_800! ls_0.05rem tt_uppercase c_white! lg:d_block [&:hover]:c_rgba(255,_255,_255,_0.75)!"
                  href="#skills"
                >
                  Skills
                </a>
              </li>
              <li
                class="lg:d_block"
              >
                <a
                  class="d_block p_0.5rem_1rem c_white! td_none trs_color_0.15s_ease-in-out,_background-color_0.15s_ease-in-out,_border-color_0.15s_ease-in-out [&:hover]:c_rgba(255,_255,_255,_0.75)! [&:focus]:c_rgba(255,_255,_255,_0.75)! fw_800! ls_0.05rem tt_uppercase c_white! lg:d_block [&:hover]:c_rgba(255,_255,_255,_0.75)!"
                  href="#projects"
                >
                  Projects
                </a>
              </li>
            </ul>
          </div>
        </div>
      </nav>
      <div
        class="w_100% p_0"
      >
        <section
          class="pt_5rem! pb_5rem! pl_2rem max-w_75rem lg:pt_3rem! lg:pb_3rem! lg:pl_3rem md:min-h_100vh p_0.75rem lg:p_3rem d_flex ai_center"
          id="about"
        >
          <div
            class="w_100%"
          >
            <h1
              class="mb_0"
            >
              First Name
              <span
                class="c_primary"
              >
                Last Name
              </span>
            </h1>
            <div
              class="mb_3rem tt_uppercase fw_500 fs_1.5rem ff_heading"
            >
              123 Fake street
            </div>
            <p
              class="mb_3rem fs_1.15rem fw_400"
            >
              Blah
            </p>
            <div
              class="[&_>_a]:d_inline-block [&_>_a]:h_3.5rem [&_>_a]:w_3.5rem [&_>_a]:bg-c_gray.700 [&_>_a]:c_white! [&_>_a]:bdr_100% [&_>_a]:ta_center [&_>_a]:fs_1.5rem [&_>_a]:lh_3.5rem [&_>_a]:mr_1rem [&_>_a]:td_none! [&_>_a]:last:mr_0 [&_>_a]:hover:bg-c_primary!"
            >
              <a
                aria-label="github-original URL"
                href="https://github.com/testusername"
                rel="noreferrer"
                target="_blank"
              >
                <i
                  class="devicon-github-original"
                  data-testid="social-icon-github-original"
                />
              </a>
            </div>
          </div>
        </section>
        <hr
          class="m_0"
        />
        <section
          class="pt_5rem! pb_5rem! pl_2rem max-w_75rem lg:pt_3rem! lg:pb_3rem! lg:pl_3rem md:min-h_100vh p_0.75rem lg:p_3rem d_flex ai_center"
          id="experience"
        >
          <div
            class="w_100%"
          >
            <h2
              class="mb_3rem"
            >
              Experience
            </h2>
            <div
              class="d_flex flex-d_column md:flex-d_row jc_space-between mb_3rem"
            >
              <div>
                <h3
                  class="mb_0"
                >
                  Software Engineer
                </h3>
                <div
                  class="mb_1rem tt_uppercase fw_500 fs_1.5rem ff_heading"
                >
                  Bruh Industries
                </div>
                <ul>
                  <li>
                    blah
                  </li>
                </ul>
                <h4>
                  Technologies involved:
                </h4>
                <ul>
                  <li>
                    github
                  </li>
                </ul>
                <ul
                  class="d_flex flex-wrap_wrap li-s_none p_0 pl_2rem m_0 mt_1rem gap_1.5rem rg_1rem fs_3rem [&_li]:d_flex [&_li]:ai_center [&_li]:jc_center"
                >
                  <li
                    class="d_inline-block"
                  >
                    <i
                      class="devicon-github-original"
                      data-testid="language-icon-github-original"
                    />
                  </li>
                </ul>
              </div>
              <div
                class="md:min-w_8rem md:ta_right"
              >
                <span
                  class="c_primary"
                >
                  Oct 2022 - Oct 2023
                </span>
              </div>
            </div>
          </div>
        </section>
        <hr
          class="m_0"
        />
        <section
          class="pt_5rem! pb_5rem! pl_2rem max-w_75rem lg:pt_3rem! lg:pb_3rem! lg:pl_3rem md:min-h_100vh p_0.75rem lg:p_3rem d_flex ai_center"
          id="education"
        >
          <div
            class="w_100%"
          >
            <h2
              class="mb_3rem"
            >
              Education
            </h2>
            <div
              class="d_flex flex-d_column md:flex-d_row jc_space-between mb_3rem"
            >
              <div>
                <h3
                  class="mb_0"
                >
                  Bruh University
                </h3>
                <div
                  class="mb_1rem tt_uppercase fw_500 fs_1.5rem ff_heading"
                >
                  Bachelor of Bruh
                </div>
                <div>
                  blah blah
                </div>
              </div>
              <div
                class="md:min-w_8rem md:ta_right"
              >
                <span
                  class="c_primary"
                >
                  Oct 2022 - Oct 2023
                </span>
              </div>
            </div>
          </div>
        </section>
        <hr
          class="m_0"
        />
        <section
          class="pt_5rem! pb_5rem! pl_2rem max-w_75rem lg:pt_3rem! lg:pb_3rem! lg:pl_3rem md:min-h_100vh p_0.75rem lg:p_3rem d_flex ai_center"
          id="skills"
        >
          <div
            class="w_100%"
          >
            <h2
              class="mb_3rem"
            >
              Skills and Proficiency
            </h2>
            <div
              class="mb_1rem tt_uppercase fw_500 fs_1.5rem ff_heading"
            >
              test title
            </div>
            <ul>
              <li>
                test desc
              </li>
            </ul>
            <ul
              class="d_flex flex-wrap_wrap li-s_none p_0 pl_2rem m_0 mt_1rem gap_1.5rem rg_1rem fs_3rem [&_li]:d_flex [&_li]:ai_center [&_li]:jc_center"
            >
              <li
                class="d_inline-block"
              >
                <i
                  class="devicon-github-original"
                  data-testid="language-icon-github-original"
                />
              </li>
            </ul>
          </div>
        </section>
        <hr
          class="m_0"
        />
        <section
          class="pt_5rem! pb_5rem! pl_2rem max-w_75rem lg:pt_3rem! lg:pb_3rem! lg:pl_3rem md:min-h_100vh p_0.75rem lg:p_3rem d_flex ai_center"
          id="projects"
        >
          <div
            class="w_100%"
          >
            <h2
              class="mb_3rem"
            >
              Projects
            </h2>
            <ul
              class="li-s_none ml_2.5em pl_0 [&_li]:pos_relative [&_.fa-li]:pos_absolute [&_.fa-li]:left_-2em [&_.fa-li]:w_2em [&_.fa-li]:top_0.14285714em [&_.fa-li]:ta_center mb_0"
            >
              <li>
                <i
                  class="fa-li fa fa-tasks text-warning"
                />
                <p>
                  <strong>
                    Test Project:
                  </strong>
                   Test Description
                </p>
              </li>
            </ul>
          </div>
        </section>
        <hr
          class="m_0"
        />
      </div>
      <section
        class="pt_5rem! pb_5rem! pl_2rem max-w_75rem lg:pt_3rem! lg:pb_3rem! lg:pl_3rem md:min-h_100vh p_0.75rem lg:p_3rem d_flex ai_center"
      >
        <p>
          © 
          2022
           
          <a
            class="c_primary! hover:c_slightlyDarker! focus:c_slightlyDarker! active:c_slightlyDarker!"
            href="https://github.com/samhwang"
          >
            Sam Huynh
          </a>
          . Hosted on 
          <a
            class="c_primary! hover:c_slightlyDarker! focus:c_slightlyDarker! active:c_slightlyDarker!"
            href="https://pages.cloudflare.com/"
          >
            Cloudflare Pages
          </a>
          . Built with 
          <a
            class="c_primary! hover:c_slightlyDarker! focus:c_slightlyDarker! active:c_slightlyDarker!"
            href="https://www.vitejs.dev/"
          >
            Vite
          </a>
           and 
          <a
            class="c_primary! hover:c_slightlyDarker! focus:c_slightlyDarker! active:c_slightlyDarker!"
            href="https://reactjs.org/"
          >
            React
          </a>
          .
        </p>
      </section>
    </div>
  </div>,
  "debug": [Function],
  "findAllByAltText": [Function],
  "findAllByDisplayValue": [Function],
  "findAllByLabelText": [Function],
  "findAllByPlaceholderText": [Function],
  "findAllByRole": [Function],
  "findAllByTestId": [Function],
  "findAllByText": [Function],
  "findAllByTitle": [Function],
  "findByAltText": [Function],
  "findByDisplayValue": [Function],
  "findByLabelText": [Function],
  "findByPlaceholderText": [Function],
  "findByRole": [Function],
  "findByTestId": [Function],
  "findByText": [Function],
  "findByTitle": [Function],
  "getAllByAltText": [Function],
  "getAllByDisplayValue": [Function],
  "getAllByLabelText": [Function],
  "getAllByPlaceholderText": [Function],
  "getAllByRole": [Function],
  "getAllByTestId": [Function],
  "getAllByText": [Function],
  "getAllByTitle": [Function],
  "getByAltText": [Function],
  "getByDisplayValue": [Function],
  "getByLabelText": [Function],
  "getByPlaceholderText": [Function],
  "getByRole": [Function],
  "getByTestId": [Function],
  "getByText": [Function],
  "getByTitle": [Function],
  "queryAllByAltText": [Function],
  "queryAllByDisplayValue": [Function],
  "queryAllByLabelText": [Function],
  "queryAllByPlaceholderText": [Function],
  "queryAllByRole": [Function],
  "queryAllByTestId": [Function],
  "queryAllByText": [Function],
  "queryAllByTitle": [Function],
  "queryByAltText": [Function],
  "queryByDisplayValue": [Function],
  "queryByLabelText": [Function],
  "queryByPlaceholderText": [Function],
  "queryByRole": [Function],
  "queryByTestId": [Function],
  "queryByText": [Function],
  "queryByTitle": [Function],
  "rerender": [Function],
  "unmount": [Function],
}
`;
