// Vitest Snapshot v1, https://vitest.dev/guide/snapshot.html

exports[`Layout rendering > Should match snapshot 1`] = `
{
  "asFragment": [Function],
  "baseElement": <body>
    <div>
      <div>
        <nav
          class="navbar navbar-expand-lg navbar-dark fixed-top _sideNav_afdb38 bg_primary"
        >
          <a
            class="navbar-brand _navbarBrand_afdb38"
            href="#page-top"
          >
            <span
              class="d-block d-lg-none"
            >
              First Last
            </span>
            <span
              class="d-none d-lg-block"
            >
              <picture>
                <source
                  srcset="/src/img/avatar.webp"
                  type="image/webp"
                />
                <source
                  srcset="/src/img/avatar.jpg"
                  type="image/jpeg"
                />
                <img
                  alt="First Last Avatar"
                  class="_imgProfile_afdb38 img-fluid rounded-circle mx-auto mb-2"
                  src="/src/img/avatar.jpg"
                />
              </picture>
            </span>
          </a>
          <button
            aria-controls="navbarSupportedContent"
            aria-expanded="false"
            aria-label="Toggle navigation"
            class="navbar-toggler _navbarToggler_afdb38 collapsed"
            data-target="#navbarSupportedContent"
            data-toggle="collapse"
            type="button"
          >
            <span
              class="navbar-toggler-icon"
            />
          </button>
          <div
            class="navbar-collapse collapse _navbarCollapse_afdb38 show"
            id="navbarSupportedContent"
          >
            <div
              class="navbar-nav _navbarNav_afdb38"
            >
              <ul>
                <li
                  class="_navItem_afdb38"
                >
                  <a
                    class="nav-link _navLink_afdb38"
                    href="#about"
                  >
                    About
                  </a>
                </li>
                <li
                  class="_navItem_afdb38"
                >
                  <a
                    class="nav-link _navLink_afdb38"
                    href="#experience"
                  >
                    Experience
                  </a>
                </li>
                <li
                  class="_navItem_afdb38"
                >
                  <a
                    class="nav-link _navLink_afdb38"
                    href="#education"
                  >
                    Education
                  </a>
                </li>
                <li
                  class="_navItem_afdb38"
                >
                  <a
                    class="nav-link _navLink_afdb38"
                    href="#skills"
                  >
                    Skills
                  </a>
                </li>
                <li
                  class="_navItem_afdb38"
                >
                  <a
                    class="nav-link _navLink_afdb38"
                    href="#projects"
                  >
                    Projects
                  </a>
                </li>
              </ul>
            </div>
          </div>
        </nav>
        <div
          class="container-fluid p-0"
        >
          <h1>
            This is a test!
          </h1>
        </div>
        <section
          class="pt_5rem! pb_5rem! max-w_75rem [@media_(min-width:_992px)]:pt_3rem! [@media_(min-width:_992px)]:pb_3rem! [@media_(min-width:_768px)]:min-h_100vh p-3 p-lg-5 d-flex align-items-center"
        >
          <p>
            © 
            2022
             
            <a
              class="text_primary hover:text_darkBlue focus:text_darkBlue active:text_darkBlue"
              href="https://github.com/samhwang"
            >
              Sam Huynh
            </a>
            . Hosted on 
            <a
              class="text_primary hover:text_darkBlue focus:text_darkBlue active:text_darkBlue"
              href="https://app.netlify.com"
            >
              Netlify
            </a>
            . Built with 
            <a
              class="text_primary hover:text_darkBlue focus:text_darkBlue active:text_darkBlue"
              href="https://www.vitejs.dev/"
            >
              Vite
            </a>
             and 
            <a
              class="text_primary hover:text_darkBlue focus:text_darkBlue active:text_darkBlue"
              href="https://reactjs.org/"
            >
              React
            </a>
            .
          </p>
        </section>
      </div>
    </div>
  </body>,
  "container": <div>
    <div>
      <nav
        class="navbar navbar-expand-lg navbar-dark fixed-top _sideNav_afdb38 bg_primary"
      >
        <a
          class="navbar-brand _navbarBrand_afdb38"
          href="#page-top"
        >
          <span
            class="d-block d-lg-none"
          >
            First Last
          </span>
          <span
            class="d-none d-lg-block"
          >
            <picture>
              <source
                srcset="/src/img/avatar.webp"
                type="image/webp"
              />
              <source
                srcset="/src/img/avatar.jpg"
                type="image/jpeg"
              />
              <img
                alt="First Last Avatar"
                class="_imgProfile_afdb38 img-fluid rounded-circle mx-auto mb-2"
                src="/src/img/avatar.jpg"
              />
            </picture>
          </span>
        </a>
        <button
          aria-controls="navbarSupportedContent"
          aria-expanded="false"
          aria-label="Toggle navigation"
          class="navbar-toggler _navbarToggler_afdb38 collapsed"
          data-target="#navbarSupportedContent"
          data-toggle="collapse"
          type="button"
        >
          <span
            class="navbar-toggler-icon"
          />
        </button>
        <div
          class="navbar-collapse collapse _navbarCollapse_afdb38 show"
          id="navbarSupportedContent"
        >
          <div
            class="navbar-nav _navbarNav_afdb38"
          >
            <ul>
              <li
                class="_navItem_afdb38"
              >
                <a
                  class="nav-link _navLink_afdb38"
                  href="#about"
                >
                  About
                </a>
              </li>
              <li
                class="_navItem_afdb38"
              >
                <a
                  class="nav-link _navLink_afdb38"
                  href="#experience"
                >
                  Experience
                </a>
              </li>
              <li
                class="_navItem_afdb38"
              >
                <a
                  class="nav-link _navLink_afdb38"
                  href="#education"
                >
                  Education
                </a>
              </li>
              <li
                class="_navItem_afdb38"
              >
                <a
                  class="nav-link _navLink_afdb38"
                  href="#skills"
                >
                  Skills
                </a>
              </li>
              <li
                class="_navItem_afdb38"
              >
                <a
                  class="nav-link _navLink_afdb38"
                  href="#projects"
                >
                  Projects
                </a>
              </li>
            </ul>
          </div>
        </div>
      </nav>
      <div
        class="container-fluid p-0"
      >
        <h1>
          This is a test!
        </h1>
      </div>
      <section
        class="pt_5rem! pb_5rem! max-w_75rem [@media_(min-width:_992px)]:pt_3rem! [@media_(min-width:_992px)]:pb_3rem! [@media_(min-width:_768px)]:min-h_100vh p-3 p-lg-5 d-flex align-items-center"
      >
        <p>
          © 
          2022
           
          <a
            class="text_primary hover:text_darkBlue focus:text_darkBlue active:text_darkBlue"
            href="https://github.com/samhwang"
          >
            Sam Huynh
          </a>
          . Hosted on 
          <a
            class="text_primary hover:text_darkBlue focus:text_darkBlue active:text_darkBlue"
            href="https://app.netlify.com"
          >
            Netlify
          </a>
          . Built with 
          <a
            class="text_primary hover:text_darkBlue focus:text_darkBlue active:text_darkBlue"
            href="https://www.vitejs.dev/"
          >
            Vite
          </a>
           and 
          <a
            class="text_primary hover:text_darkBlue focus:text_darkBlue active:text_darkBlue"
            href="https://reactjs.org/"
          >
            React
          </a>
          .
        </p>
      </section>
    </div>
  </div>,
  "debug": [Function],
  "findAllByAltText": [Function],
  "findAllByDisplayValue": [Function],
  "findAllByLabelText": [Function],
  "findAllByPlaceholderText": [Function],
  "findAllByRole": [Function],
  "findAllByTestId": [Function],
  "findAllByText": [Function],
  "findAllByTitle": [Function],
  "findByAltText": [Function],
  "findByDisplayValue": [Function],
  "findByLabelText": [Function],
  "findByPlaceholderText": [Function],
  "findByRole": [Function],
  "findByTestId": [Function],
  "findByText": [Function],
  "findByTitle": [Function],
  "getAllByAltText": [Function],
  "getAllByDisplayValue": [Function],
  "getAllByLabelText": [Function],
  "getAllByPlaceholderText": [Function],
  "getAllByRole": [Function],
  "getAllByTestId": [Function],
  "getAllByText": [Function],
  "getAllByTitle": [Function],
  "getByAltText": [Function],
  "getByDisplayValue": [Function],
  "getByLabelText": [Function],
  "getByPlaceholderText": [Function],
  "getByRole": [Function],
  "getByTestId": [Function],
  "getByText": [Function],
  "getByTitle": [Function],
  "queryAllByAltText": [Function],
  "queryAllByDisplayValue": [Function],
  "queryAllByLabelText": [Function],
  "queryAllByPlaceholderText": [Function],
  "queryAllByRole": [Function],
  "queryAllByTestId": [Function],
  "queryAllByText": [Function],
  "queryAllByTitle": [Function],
  "queryByAltText": [Function],
  "queryByDisplayValue": [Function],
  "queryByLabelText": [Function],
  "queryByPlaceholderText": [Function],
  "queryByRole": [Function],
  "queryByTestId": [Function],
  "queryByText": [Function],
  "queryByTitle": [Function],
  "rerender": [Function],
  "unmount": [Function],
}
`;
