// Vitest Snapshot v1, https://vitest.dev/guide/snapshot.html

exports[`Layout rendering > Should match snapshot 1`] = `
{
  "asFragment": [Function],
  "baseElement": <body>
    <div>
      <div
        class="main-body"
      >
        <nav
          class="navbar navbar-expand-lg navbar-dark bg-primary fixed-top"
          id="sideNav"
        >
          <a
            class="navbar-brand"
            href="#page-top"
          >
            <span
              class="d-block d-lg-none"
            >
              First Last
            </span>
            <span
              class="d-none d-lg-block"
            >
              <picture>
                <source
                  srcset="/src/assets/img/avatar.webp"
                  type="image/webp"
                />
                <source
                  srcset="/src/assets/img/avatar.jpg"
                  type="image/jpeg"
                />
                <img
                  alt="First Last Avatar"
                  class="img-fluid img-profile rounded-circle mx-auto mb-2"
                  src="/src/assets/img/avatar.jpg"
                />
              </picture>
            </span>
          </a>
          <button
            aria-controls="navbarSupportedContent"
            aria-expanded="false"
            aria-label="Toggle navigation"
            class="navbar-toggler collapsed"
            data-target="#navbarSupportedContent"
            data-toggle="collapse"
            type="button"
          >
            <span
              class="navbar-toggler-icon"
            />
          </button>
          <div
            class="collapse navbar-collapse "
            id="navbarSupportedContent"
          >
            <div
              class="navbar-nav"
            >
              <ul>
                <li
                  class="nav-item"
                >
                  <a
                    class="nav-link"
                    href="#about"
                  >
                    About
                  </a>
                </li>
                <li
                  class="nav-item"
                >
                  <a
                    class="nav-link"
                    href="#experience"
                  >
                    Experience
                  </a>
                </li>
                <li
                  class="nav-item"
                >
                  <a
                    class="nav-link"
                    href="#education"
                  >
                    Education
                  </a>
                </li>
                <li
                  class="nav-item"
                >
                  <a
                    class="nav-link"
                    href="#skills"
                  >
                    Skills
                  </a>
                </li>
                <li
                  class="nav-item"
                >
                  <a
                    class="nav-link"
                    href="#projects"
                  >
                    Projects
                  </a>
                </li>
              </ul>
            </div>
          </div>
        </nav>
        <div
          class="container-fluid p-0"
        >
          <h1>
            This is a test!
          </h1>
        </div>
        <section
          class="_section_044294 p-3 p-lg-5 d-flex align-items-center"
        >
          <p>
            © 
            2022
             
            <a
              href="https://github.com/samhwang"
            >
              Sam Huynh
            </a>
            . Hosted on 
            <a
              href="https://app.netlify.com"
            >
              Netlify
            </a>
            . Built with 
            <a
              href="https://www.vitejs.dev/"
            >
              Vite
            </a>
             and 
            <a
              href="https://reactjs.org/"
            >
              React
            </a>
            .
          </p>
        </section>
      </div>
    </div>
  </body>,
  "container": <div>
    <div
      class="main-body"
    >
      <nav
        class="navbar navbar-expand-lg navbar-dark bg-primary fixed-top"
        id="sideNav"
      >
        <a
          class="navbar-brand"
          href="#page-top"
        >
          <span
            class="d-block d-lg-none"
          >
            First Last
          </span>
          <span
            class="d-none d-lg-block"
          >
            <picture>
              <source
                srcset="/src/assets/img/avatar.webp"
                type="image/webp"
              />
              <source
                srcset="/src/assets/img/avatar.jpg"
                type="image/jpeg"
              />
              <img
                alt="First Last Avatar"
                class="img-fluid img-profile rounded-circle mx-auto mb-2"
                src="/src/assets/img/avatar.jpg"
              />
            </picture>
          </span>
        </a>
        <button
          aria-controls="navbarSupportedContent"
          aria-expanded="false"
          aria-label="Toggle navigation"
          class="navbar-toggler collapsed"
          data-target="#navbarSupportedContent"
          data-toggle="collapse"
          type="button"
        >
          <span
            class="navbar-toggler-icon"
          />
        </button>
        <div
          class="collapse navbar-collapse "
          id="navbarSupportedContent"
        >
          <div
            class="navbar-nav"
          >
            <ul>
              <li
                class="nav-item"
              >
                <a
                  class="nav-link"
                  href="#about"
                >
                  About
                </a>
              </li>
              <li
                class="nav-item"
              >
                <a
                  class="nav-link"
                  href="#experience"
                >
                  Experience
                </a>
              </li>
              <li
                class="nav-item"
              >
                <a
                  class="nav-link"
                  href="#education"
                >
                  Education
                </a>
              </li>
              <li
                class="nav-item"
              >
                <a
                  class="nav-link"
                  href="#skills"
                >
                  Skills
                </a>
              </li>
              <li
                class="nav-item"
              >
                <a
                  class="nav-link"
                  href="#projects"
                >
                  Projects
                </a>
              </li>
            </ul>
          </div>
        </div>
      </nav>
      <div
        class="container-fluid p-0"
      >
        <h1>
          This is a test!
        </h1>
      </div>
      <section
        class="_section_044294 p-3 p-lg-5 d-flex align-items-center"
      >
        <p>
          © 
          2022
           
          <a
            href="https://github.com/samhwang"
          >
            Sam Huynh
          </a>
          . Hosted on 
          <a
            href="https://app.netlify.com"
          >
            Netlify
          </a>
          . Built with 
          <a
            href="https://www.vitejs.dev/"
          >
            Vite
          </a>
           and 
          <a
            href="https://reactjs.org/"
          >
            React
          </a>
          .
        </p>
      </section>
    </div>
  </div>,
  "debug": [Function],
  "findAllByAltText": [Function],
  "findAllByDisplayValue": [Function],
  "findAllByLabelText": [Function],
  "findAllByPlaceholderText": [Function],
  "findAllByRole": [Function],
  "findAllByTestId": [Function],
  "findAllByText": [Function],
  "findAllByTitle": [Function],
  "findByAltText": [Function],
  "findByDisplayValue": [Function],
  "findByLabelText": [Function],
  "findByPlaceholderText": [Function],
  "findByRole": [Function],
  "findByTestId": [Function],
  "findByText": [Function],
  "findByTitle": [Function],
  "getAllByAltText": [Function],
  "getAllByDisplayValue": [Function],
  "getAllByLabelText": [Function],
  "getAllByPlaceholderText": [Function],
  "getAllByRole": [Function],
  "getAllByTestId": [Function],
  "getAllByText": [Function],
  "getAllByTitle": [Function],
  "getByAltText": [Function],
  "getByDisplayValue": [Function],
  "getByLabelText": [Function],
  "getByPlaceholderText": [Function],
  "getByRole": [Function],
  "getByTestId": [Function],
  "getByText": [Function],
  "getByTitle": [Function],
  "queryAllByAltText": [Function],
  "queryAllByDisplayValue": [Function],
  "queryAllByLabelText": [Function],
  "queryAllByPlaceholderText": [Function],
  "queryAllByRole": [Function],
  "queryAllByTestId": [Function],
  "queryAllByText": [Function],
  "queryAllByTitle": [Function],
  "queryByAltText": [Function],
  "queryByDisplayValue": [Function],
  "queryByLabelText": [Function],
  "queryByPlaceholderText": [Function],
  "queryByRole": [Function],
  "queryByTestId": [Function],
  "queryByText": [Function],
  "queryByTitle": [Function],
  "rerender": [Function],
  "unmount": [Function],
}
`;
