// Vitest Snapshot v1, https://vitest.dev/guide/snapshot.html

exports[`Skill Section Component > Should render without crashing and match snapshot 1`] = `
{
  "asFragment": [Function],
  "baseElement": <body>
    <div>
      <div
        class="w_100%"
      >
        <h2
          class="mb_3rem"
        >
          Skills and Proficiency
        </h2>
        <div
          class="mb_1rem tt_uppercase fw_500 fs_1.5rem ff_heading"
        >
          test title
        </div>
        <ul>
          <li>
            test desc
          </li>
        </ul>
        <ul
          class="d_flex flex-wrap_wrap li-s_none p_0 pl_2rem m_0 mt_1rem gap_1.5rem rg_1rem fs_3rem [&_li]:d_flex [&_li]:ai_center [&_li]:jc_center"
        >
          <li
            class="d_inline-block"
          >
            <i
              class="devicon-github-original"
              data-testid="language-icon-github-original"
            />
          </li>
        </ul>
      </div>
    </div>
  </body>,
  "container": <div>
    <div
      class="w_100%"
    >
      <h2
        class="mb_3rem"
      >
        Skills and Proficiency
      </h2>
      <div
        class="mb_1rem tt_uppercase fw_500 fs_1.5rem ff_heading"
      >
        test title
      </div>
      <ul>
        <li>
          test desc
        </li>
      </ul>
      <ul
        class="d_flex flex-wrap_wrap li-s_none p_0 pl_2rem m_0 mt_1rem gap_1.5rem rg_1rem fs_3rem [&_li]:d_flex [&_li]:ai_center [&_li]:jc_center"
      >
        <li
          class="d_inline-block"
        >
          <i
            class="devicon-github-original"
            data-testid="language-icon-github-original"
          />
        </li>
      </ul>
    </div>
  </div>,
  "debug": [Function],
  "findAllByAltText": [Function],
  "findAllByDisplayValue": [Function],
  "findAllByLabelText": [Function],
  "findAllByPlaceholderText": [Function],
  "findAllByRole": [Function],
  "findAllByTestId": [Function],
  "findAllByText": [Function],
  "findAllByTitle": [Function],
  "findByAltText": [Function],
  "findByDisplayValue": [Function],
  "findByLabelText": [Function],
  "findByPlaceholderText": [Function],
  "findByRole": [Function],
  "findByTestId": [Function],
  "findByText": [Function],
  "findByTitle": [Function],
  "getAllByAltText": [Function],
  "getAllByDisplayValue": [Function],
  "getAllByLabelText": [Function],
  "getAllByPlaceholderText": [Function],
  "getAllByRole": [Function],
  "getAllByTestId": [Function],
  "getAllByText": [Function],
  "getAllByTitle": [Function],
  "getByAltText": [Function],
  "getByDisplayValue": [Function],
  "getByLabelText": [Function],
  "getByPlaceholderText": [Function],
  "getByRole": [Function],
  "getByTestId": [Function],
  "getByText": [Function],
  "getByTitle": [Function],
  "queryAllByAltText": [Function],
  "queryAllByDisplayValue": [Function],
  "queryAllByLabelText": [Function],
  "queryAllByPlaceholderText": [Function],
  "queryAllByRole": [Function],
  "queryAllByTestId": [Function],
  "queryAllByText": [Function],
  "queryAllByTitle": [Function],
  "queryByAltText": [Function],
  "queryByDisplayValue": [Function],
  "queryByLabelText": [Function],
  "queryByPlaceholderText": [Function],
  "queryByRole": [Function],
  "queryByTestId": [Function],
  "queryByText": [Function],
  "queryByTitle": [Function],
  "rerender": [Function],
  "unmount": [Function],
}
`;
