// Vitest Snapshot v1, https://vitest.dev/guide/snapshot.html

exports[`Skill Section Component > Should render without crashing and match snapshot 1`] = `
<div>
  <div
    class="w_100%"
  >
    <h2
      class="mb_headingMargin"
    >
      Skills and Proficiency
    </h2>
    <div
      class="mb_subheadingMargin tt_uppercase fw_500 fs_1.5rem ff_heading"
    >
      test title
    </div>
    <ul>
      <li>
        test desc
      </li>
    </ul>
    <ul
      class="inlineList inlineList--gap_large fs_3rem [&_li]:d_flex [&_li]:ai_center [&_li]:jc_center"
    >
      <li
        class="d_inline-block"
      >
        <i
          class="devicon-github-original"
          data-testid="language-icon-github-original"
          role="img"
        />
      </li>
    </ul>
  </div>
</div>
`;
