// Vitest Snapshot v1

exports[`Skill Section Component > Should render without crashing and match snapshot 1`] = `
{
  "asFragment": [Function],
  "baseElement": <body>
    <div>
      <section
        class="resume-section p-3 p-lg-5 d-flex align-items-center"
        id="skills"
      >
        <div
          class="w-100"
        >
          <h2
            class="mb-5"
          >
            Skills and Proficiency
          </h2>
          <div
            class="subheading mb-3"
          >
            Professional Proficiency
          </div>
          <ul>
            <li>
              Backend: PHP 7, NodeJS/TypeScript (Meteor, Express)
            </li>
            <li>
              Frontend: jQuery, React (Redux, Gatsby, Storybook), HTML5, CSS, LESS and SASS
            </li>
            <li>
              Databases and data modelling with SQL (MySQL, PostgreSQL) and NoSQL (MongoDB)
            </li>
            <li>
              Server configuration with Apache and NGINX
            </li>
            <li>
              Container orchestration with Docker
            </li>
            <li>
              Serverless Applications using the Serverless Framework
            </li>
            <li>
              Package management and build tools: Composer, NPM, Yarn, Babel, Webpack
            </li>
            <li>
              Version control with Git, and online collaboration with GitHub, BitBucket and AWS CodeCommit
            </li>
            <li>
              Continuous Integration and Continuous Delivery with CircleCI, BuildKite, GitHub Actions & GitHub Container Registry
            </li>
            <li>
              Amazon Web Services products: EC2, Lambda, Elastic Beanstalk, SQS, SES, SNS, CloudWatch, S3, CloudFront, RDS
            </li>
            <li>
              Building Infrastructure as Code using AWS Cloud Development Kit (CDK)
            </li>
            <li>
              Services tracing & error monitoring tools: Sentry, Datadog
            </li>
            <li>
              Project Management tools: JIRA, Confluence, Trello, Asana
            </li>
            <li>
              Microsoft Office Suite and similar Google tools
            </li>
            <li>
              Adobe Creative Suite: Photoshop, Lightroom, Bridge
            </li>
          </ul>
          <div
            class="subheading mb-3"
          >
            Learning
          </div>
          <ul>
            <li>
              Golang
            </li>
            <li>
              DynamoDB
            </li>
            <li>
              Terraform
            </li>
          </ul>
          <ul
            class="list-inline dev-icons"
          >
            <li
              class="list-inline-item"
            >
              <i
                class="devicon-php-plain"
              />
            </li>
            <li
              class="list-inline-item"
            >
              <i
                class="devicon-composer-plain"
              />
            </li>
            <li
              class="list-inline-item"
            >
              <i
                class="devicon-javascript-plain"
              />
            </li>
            <li
              class="list-inline-item"
            >
              <i
                class="devicon-typescript-plain"
              />
            </li>
            <li
              class="list-inline-item"
            >
              <i
                class="devicon-nodejs-plain"
              />
            </li>
            <li
              class="list-inline-item"
            >
              <i
                class="devicon-react-original"
              />
            </li>
            <li
              class="list-inline-item"
            >
              <i
                class="devicon-redux-original"
              />
            </li>
            <li
              class="list-inline-item"
            >
              <i
                class="devicon-gatsby-plain"
              />
            </li>
            <li
              class="list-inline-item"
            >
              <i
                class="devicon-storybook-plain"
              />
            </li>
            <li
              class="list-inline-item"
            >
              <i
                class="devicon-jest-plain"
              />
            </li>
            <li
              class="list-inline-item"
            >
              <i
                class="devicon-mocha-plain"
              />
            </li>
            <li
              class="list-inline-item"
            >
              <i
                class="devicon-jquery-plain"
              />
            </li>
            <li
              class="list-inline-item"
            >
              <i
                class="devicon-babel-plain"
              />
            </li>
            <li
              class="list-inline-item"
            >
              <i
                class="devicon-webpack-plain"
              />
            </li>
            <li
              class="list-inline-item"
            >
              <i
                class="devicon-npm-original-wordmark"
              />
            </li>
            <li
              class="list-inline-item"
            >
              <i
                class="devicon-yarn-plain"
              />
            </li>
            <li
              class="list-inline-item"
            >
              <i
                class="devicon-html5-plain"
              />
            </li>
            <li
              class="list-inline-item"
            >
              <i
                class="devicon-css3-plain"
              />
            </li>
            <li
              class="list-inline-item"
            >
              <i
                class="devicon-less-plain-wordmark"
              />
            </li>
            <li
              class="list-inline-item"
            >
              <i
                class="devicon-sass-orignal"
              />
            </li>
            <li
              class="list-inline-item"
            >
              <i
                class="devicon-mongodb-plain"
              />
            </li>
            <li
              class="list-inline-item"
            >
              <i
                class="devicon-mysql-plain"
              />
            </li>
            <li
              class="list-inline-item"
            >
              <i
                class="devicon-postgresql-plain"
              />
            </li>
            <li
              class="list-inline-item"
            >
              <i
                class="devicon-docker-plain"
              />
            </li>
            <li
              class="list-inline-item"
            >
              <i
                class="devicon-amazonwebservices-original"
              />
            </li>
            <li
              class="list-inline-item"
            >
              <i
                class="devicon-digitalocean-plain"
              />
            </li>
            <li
              class="list-inline-item"
            >
              <i
                class="devicon-git-plain"
              />
            </li>
            <li
              class="list-inline-item"
            >
              <i
                class="devicon-github-original"
              />
            </li>
            <li
              class="list-inline-item"
            >
              <i
                class="devicon-gitlab-plain"
              />
            </li>
            <li
              class="list-inline-item"
            >
              <i
                class="devicon-bitbucket-plain"
              />
            </li>
            <li
              class="list-inline-item"
            >
              <i
                class="devicon-trello-plain"
              />
            </li>
            <li
              class="list-inline-item"
            >
              <i
                class="devicon-jira-plain"
              />
            </li>
            <li
              class="list-inline-item"
            >
              <i
                class="devicon-confluence-original"
              />
            </li>
          </ul>
        </div>
      </section>
    </div>
  </body>,
  "container": <div>
    <section
      class="resume-section p-3 p-lg-5 d-flex align-items-center"
      id="skills"
    >
      <div
        class="w-100"
      >
        <h2
          class="mb-5"
        >
          Skills and Proficiency
        </h2>
        <div
          class="subheading mb-3"
        >
          Professional Proficiency
        </div>
        <ul>
          <li>
            Backend: PHP 7, NodeJS/TypeScript (Meteor, Express)
          </li>
          <li>
            Frontend: jQuery, React (Redux, Gatsby, Storybook), HTML5, CSS, LESS and SASS
          </li>
          <li>
            Databases and data modelling with SQL (MySQL, PostgreSQL) and NoSQL (MongoDB)
          </li>
          <li>
            Server configuration with Apache and NGINX
          </li>
          <li>
            Container orchestration with Docker
          </li>
          <li>
            Serverless Applications using the Serverless Framework
          </li>
          <li>
            Package management and build tools: Composer, NPM, Yarn, Babel, Webpack
          </li>
          <li>
            Version control with Git, and online collaboration with GitHub, BitBucket and AWS CodeCommit
          </li>
          <li>
            Continuous Integration and Continuous Delivery with CircleCI, BuildKite, GitHub Actions & GitHub Container Registry
          </li>
          <li>
            Amazon Web Services products: EC2, Lambda, Elastic Beanstalk, SQS, SES, SNS, CloudWatch, S3, CloudFront, RDS
          </li>
          <li>
            Building Infrastructure as Code using AWS Cloud Development Kit (CDK)
          </li>
          <li>
            Services tracing & error monitoring tools: Sentry, Datadog
          </li>
          <li>
            Project Management tools: JIRA, Confluence, Trello, Asana
          </li>
          <li>
            Microsoft Office Suite and similar Google tools
          </li>
          <li>
            Adobe Creative Suite: Photoshop, Lightroom, Bridge
          </li>
        </ul>
        <div
          class="subheading mb-3"
        >
          Learning
        </div>
        <ul>
          <li>
            Golang
          </li>
          <li>
            DynamoDB
          </li>
          <li>
            Terraform
          </li>
        </ul>
        <ul
          class="list-inline dev-icons"
        >
          <li
            class="list-inline-item"
          >
            <i
              class="devicon-php-plain"
            />
          </li>
          <li
            class="list-inline-item"
          >
            <i
              class="devicon-composer-plain"
            />
          </li>
          <li
            class="list-inline-item"
          >
            <i
              class="devicon-javascript-plain"
            />
          </li>
          <li
            class="list-inline-item"
          >
            <i
              class="devicon-typescript-plain"
            />
          </li>
          <li
            class="list-inline-item"
          >
            <i
              class="devicon-nodejs-plain"
            />
          </li>
          <li
            class="list-inline-item"
          >
            <i
              class="devicon-react-original"
            />
          </li>
          <li
            class="list-inline-item"
          >
            <i
              class="devicon-redux-original"
            />
          </li>
          <li
            class="list-inline-item"
          >
            <i
              class="devicon-gatsby-plain"
            />
          </li>
          <li
            class="list-inline-item"
          >
            <i
              class="devicon-storybook-plain"
            />
          </li>
          <li
            class="list-inline-item"
          >
            <i
              class="devicon-jest-plain"
            />
          </li>
          <li
            class="list-inline-item"
          >
            <i
              class="devicon-mocha-plain"
            />
          </li>
          <li
            class="list-inline-item"
          >
            <i
              class="devicon-jquery-plain"
            />
          </li>
          <li
            class="list-inline-item"
          >
            <i
              class="devicon-babel-plain"
            />
          </li>
          <li
            class="list-inline-item"
          >
            <i
              class="devicon-webpack-plain"
            />
          </li>
          <li
            class="list-inline-item"
          >
            <i
              class="devicon-npm-original-wordmark"
            />
          </li>
          <li
            class="list-inline-item"
          >
            <i
              class="devicon-yarn-plain"
            />
          </li>
          <li
            class="list-inline-item"
          >
            <i
              class="devicon-html5-plain"
            />
          </li>
          <li
            class="list-inline-item"
          >
            <i
              class="devicon-css3-plain"
            />
          </li>
          <li
            class="list-inline-item"
          >
            <i
              class="devicon-less-plain-wordmark"
            />
          </li>
          <li
            class="list-inline-item"
          >
            <i
              class="devicon-sass-orignal"
            />
          </li>
          <li
            class="list-inline-item"
          >
            <i
              class="devicon-mongodb-plain"
            />
          </li>
          <li
            class="list-inline-item"
          >
            <i
              class="devicon-mysql-plain"
            />
          </li>
          <li
            class="list-inline-item"
          >
            <i
              class="devicon-postgresql-plain"
            />
          </li>
          <li
            class="list-inline-item"
          >
            <i
              class="devicon-docker-plain"
            />
          </li>
          <li
            class="list-inline-item"
          >
            <i
              class="devicon-amazonwebservices-original"
            />
          </li>
          <li
            class="list-inline-item"
          >
            <i
              class="devicon-digitalocean-plain"
            />
          </li>
          <li
            class="list-inline-item"
          >
            <i
              class="devicon-git-plain"
            />
          </li>
          <li
            class="list-inline-item"
          >
            <i
              class="devicon-github-original"
            />
          </li>
          <li
            class="list-inline-item"
          >
            <i
              class="devicon-gitlab-plain"
            />
          </li>
          <li
            class="list-inline-item"
          >
            <i
              class="devicon-bitbucket-plain"
            />
          </li>
          <li
            class="list-inline-item"
          >
            <i
              class="devicon-trello-plain"
            />
          </li>
          <li
            class="list-inline-item"
          >
            <i
              class="devicon-jira-plain"
            />
          </li>
          <li
            class="list-inline-item"
          >
            <i
              class="devicon-confluence-original"
            />
          </li>
        </ul>
      </div>
    </section>
  </div>,
  "debug": [Function],
  "findAllByAltText": [Function],
  "findAllByDisplayValue": [Function],
  "findAllByLabelText": [Function],
  "findAllByPlaceholderText": [Function],
  "findAllByRole": [Function],
  "findAllByTestId": [Function],
  "findAllByText": [Function],
  "findAllByTitle": [Function],
  "findByAltText": [Function],
  "findByDisplayValue": [Function],
  "findByLabelText": [Function],
  "findByPlaceholderText": [Function],
  "findByRole": [Function],
  "findByTestId": [Function],
  "findByText": [Function],
  "findByTitle": [Function],
  "getAllByAltText": [Function],
  "getAllByDisplayValue": [Function],
  "getAllByLabelText": [Function],
  "getAllByPlaceholderText": [Function],
  "getAllByRole": [Function],
  "getAllByTestId": [Function],
  "getAllByText": [Function],
  "getAllByTitle": [Function],
  "getByAltText": [Function],
  "getByDisplayValue": [Function],
  "getByLabelText": [Function],
  "getByPlaceholderText": [Function],
  "getByRole": [Function],
  "getByTestId": [Function],
  "getByText": [Function],
  "getByTitle": [Function],
  "queryAllByAltText": [Function],
  "queryAllByDisplayValue": [Function],
  "queryAllByLabelText": [Function],
  "queryAllByPlaceholderText": [Function],
  "queryAllByRole": [Function],
  "queryAllByTestId": [Function],
  "queryAllByText": [Function],
  "queryAllByTitle": [Function],
  "queryByAltText": [Function],
  "queryByDisplayValue": [Function],
  "queryByLabelText": [Function],
  "queryByPlaceholderText": [Function],
  "queryByRole": [Function],
  "queryByTestId": [Function],
  "queryByText": [Function],
  "queryByTitle": [Function],
  "rerender": [Function],
  "unmount": [Function],
}
`;
